../Core/Src/main.c:59:6:initAccelerometer	32	static
../Core/Src/main.c:65:10:readAccel	40	static
../Core/Src/main.c:90:7:setMotorSpeed	16	static
../Core/Src/main.c:118:5:main	16	static
../Core/Src/main.c:177:6:SystemClock_Config	96	static
../Core/Src/main.c:228:13:MX_I2C2_Init	8	static
../Core/Src/main.c:276:13:MX_TIM2_Init	48	static
../Core/Src/main.c:329:13:MX_USART1_UART_Init	8	static
../Core/Src/main.c:364:13:MX_GPIO_Init	40	static
../Core/Src/main.c:390:6:Error_Handler	4	static,ignoring_inline_asm
